// Vitest Snapshot v1, https://vitest.dev/guide/snapshot.html

exports[`PlayerHuman vs PlayerAi > Issue #3 1`] = `
[
  [
    0,
    0,
    0,
    0,
    0,
    0,
    0,
  ],
  [
    0,
    0,
    0,
    1,
    0,
    0,
    0,
  ],
  [
    0,
    0,
    0,
    1,
    0,
    1,
    0,
  ],
  [
    0,
    0,
    0,
    2,
    1,
    2,
    1,
  ],
  [
    0,
    0,
    0,
    1,
    2,
    2,
    2,
  ],
  [
    0,
    0,
    0,
    1,
    2,
    2,
    1,
  ],
]
`;

exports[`PlayerHuman vs PlayerAi > Issue #3 2`] = `
[
  [
    0,
    0,
    0,
    0,
    0,
    0,
    0,
  ],
  [
    0,
    0,
    0,
    1,
    0,
    0,
    0,
  ],
  [
    0,
    0,
    0,
    1,
    0,
    1,
    0,
  ],
  [
    0,
    0,
    0,
    2,
    1,
    2,
    1,
  ],
  [
    0,
    0,
    0,
    1,
    2,
    2,
    2,
  ],
  [
    0,
    0,
    2,
    1,
    2,
    2,
    1,
  ],
]
`;
