// Vitest Snapshot v1, https://vitest.dev/guide/snapshot.html

exports[`PlayerHuman vs PlayerHuman > Basic test 1`] = `
[
  [
    0,
    0,
    0,
    0,
    0,
    0,
    0,
  ],
  [
    0,
    0,
    0,
    0,
    0,
    0,
    0,
  ],
  [
    0,
    0,
    0,
    0,
    0,
    0,
    0,
  ],
  [
    0,
    0,
    0,
    0,
    0,
    0,
    0,
  ],
  [
    0,
    0,
    0,
    0,
    0,
    0,
    0,
  ],
  [
    0,
    0,
    0,
    0,
    0,
    0,
    0,
  ],
]
`;

exports[`PlayerHuman vs PlayerHuman > Basic test 2`] = `
[
  [
    0,
    0,
    0,
    0,
    0,
    0,
    0,
  ],
  [
    0,
    0,
    0,
    0,
    0,
    0,
    0,
  ],
  [
    0,
    0,
    0,
    0,
    0,
    0,
    0,
  ],
  [
    0,
    0,
    0,
    0,
    0,
    0,
    0,
  ],
  [
    0,
    0,
    0,
    0,
    0,
    0,
    0,
  ],
  [
    0,
    0,
    0,
    1,
    0,
    0,
    0,
  ],
]
`;

exports[`PlayerHuman vs PlayerHuman > Basic test 3`] = `
[
  [
    0,
    0,
    0,
    0,
    0,
    0,
    0,
  ],
  [
    0,
    0,
    0,
    0,
    0,
    0,
    0,
  ],
  [
    0,
    0,
    0,
    0,
    0,
    0,
    0,
  ],
  [
    0,
    0,
    0,
    0,
    0,
    0,
    0,
  ],
  [
    0,
    0,
    0,
    2,
    0,
    0,
    0,
  ],
  [
    0,
    0,
    0,
    1,
    0,
    0,
    0,
  ],
]
`;

exports[`PlayerHuman vs PlayerHuman > Cannot move on a filled column 1`] = `
[
  [
    0,
    0,
    0,
    2,
    0,
    0,
    0,
  ],
  [
    0,
    0,
    0,
    1,
    0,
    0,
    0,
  ],
  [
    0,
    0,
    0,
    2,
    0,
    0,
    0,
  ],
  [
    0,
    0,
    0,
    1,
    0,
    0,
    0,
  ],
  [
    0,
    0,
    0,
    2,
    0,
    0,
    0,
  ],
  [
    0,
    0,
    0,
    1,
    0,
    0,
    0,
  ],
]
`;

exports[`PlayerHuman vs PlayerHuman > Cannot move on a filled column 2`] = `
[
  [
    0,
    0,
    0,
    2,
    0,
    0,
    0,
  ],
  [
    0,
    0,
    0,
    1,
    0,
    0,
    0,
  ],
  [
    0,
    0,
    0,
    2,
    0,
    0,
    0,
  ],
  [
    0,
    0,
    0,
    1,
    0,
    0,
    0,
  ],
  [
    0,
    0,
    0,
    2,
    0,
    0,
    0,
  ],
  [
    0,
    0,
    0,
    1,
    0,
    0,
    0,
  ],
]
`;
